........................................................................ [ 75%]
........................                                                 [100%]
=============================== warnings summary ===============================
../.venv/lib/python3.12/site-packages/starlette/testclient.py:53
  /root/.venv/lib/python3.12/site-packages/starlette/testclient.py:53: DeprecationWarning: The anyio.abc.BlockingPortal alias is deprecated, use anyio.from_thread.BlockingPortal instead.
    _PortalFactoryType = Callable[[], AbstractContextManager[anyio.abc.BlockingPortal]]

tests/api/test_h3_workspace.py::test_terrain_preview_uses_scene_file_and_requires_auth
tests/api/test_h3_workspace.py::test_terrain_preview_uses_scene_file_and_requires_auth
tests/api/test_h3_workspace.py::test_explicit_flat_terrain_is_offline_and_preserves_original
tests/api/test_terrain_preview.py::test_preview_preserves_nodata_and_reprojects_geographic_input
  /root/.venv/lib/python3.12/site-packages/rasterio/transform.py:188: PendingDeprecationWarning: Use `@` matmul instead of `*` mul operator for matrix multiplication
    return Affine.translation(west, north) * Affine.scale(

tests/api/test_h3_workspace.py: 1 warning
tests/api/test_terrain_preview.py: 2 warnings
tests/safety/test_h3_gate.py: 20 warnings
  /root/.venv/lib/python3.12/site-packages/rasterio/transform.py:177: PendingDeprecationWarning: Use `@` matmul instead of `*` mul operator for matrix multiplication
    return Affine.translation(west, north) * Affine.scale(xsize, -ysize)

tests/api/test_h3_workspace.py::test_template_and_uploaded_files_use_same_live_pipeline
tests/api/test_h3_workspace.py::test_template_and_uploaded_files_use_same_live_pipeline
tests/api/test_h3_workspace.py::test_template_and_uploaded_files_use_same_live_pipeline
tests/api/test_h3_workspace.py::test_template_and_uploaded_files_use_same_live_pipeline
tests/safety/test_h3_gate.py::test_legacy_adapter_checks_in_memory_variant_not_source_directory
tests/safety/test_h3_gate.py::test_legacy_adapter_checks_in_memory_variant_not_source_directory
  /root/h3/src/gmp/io/dem.py:52: PendingDeprecationWarning: Use `@` matmul instead of `*` mul operator for matrix multiplication
    col, row = ~self.transform * (rx, ry)

tests/api/test_h3_workspace.py: 38 warnings
  /root/h3/data/reference_builder.py:47: PendingDeprecationWarning: Use `@` matmul instead of `*` mul operator for matrix multiplication
    column, row = ~sampler.transform * (x, y)

tests/api/test_h3_workspace.py::test_template_and_uploaded_files_use_same_live_pipeline
tests/api/test_h3_workspace.py::test_template_and_uploaded_files_use_same_live_pipeline
tests/api/test_h3_workspace.py::test_template_and_uploaded_files_use_same_live_pipeline
tests/api/test_h3_workspace.py::test_template_and_uploaded_files_use_same_live_pipeline
tests/api/test_h3_workspace.py::test_template_and_uploaded_files_use_same_live_pipeline
tests/api/test_h3_workspace.py::test_template_and_uploaded_files_use_same_live_pipeline
  /root/h3/h2/src/h2/transit.py:83: PendingDeprecationWarning: Use `@` matmul instead of `*` mul operator for matrix multiplication
    center = self._transform * (self._values.shape[1]/2, self._values.shape[0]/2)

tests/api/test_h3_workspace.py: 12 warnings
  /root/h3/h2/src/h2/transit.py:84: PendingDeprecationWarning: Use `@` matmul instead of `*` mul operator for matrix multiplication
    neighbors = [self._transform * (self._values.shape[1]/2+dx, self._values.shape[0]/2+dy)

tests/api/test_h3_workspace.py: 1358 warnings
  /root/h3/h2/src/h2/transit.py:110: PendingDeprecationWarning: Use `@` matmul instead of `*` mul operator for matrix multiplication
    col, row = self._inverse_transform * (rx, ry)

-- Docs: https://docs.pytest.org/en/stable/how-to/capture-warnings.html
96 passed, 1448 warnings in 56.51s
