........................................................................ [ 39%]
........................................................................ [ 79%]
..........................F...........                                   [100%]
=================================== FAILURES ===================================
______________________ test_q03_golden_s00_first_transect ______________________

    def test_q03_golden_s00_first_transect():
        """Determinism: rounded first transect endpoints match golden snapshot."""
        r = run_h1(scene("S00_smoke_rgb"), CoverageConfig(strict_coverage=False, angle_step_deg=15.0))
        tasks = sorted(r.bundle.data["tasks"], key=lambda t: t["id"])
        assert tasks
        tr0 = tasks[0]["transects"][0]["coords"]
        start = [round(tr0[0][0], 1), round(tr0[0][1], 1)]
        end = [round(tr0[-1][0], 1), round(tr0[-1][1], 1)]
        snap = {"task_id": tasks[0]["id"], "start": start, "end": end, "tol_m": 2.0}
        FIX.mkdir(parents=True, exist_ok=True)
        golden_path = FIX / "S00_first_transect.json"
        if not golden_path.exists():
            golden_path.write_text(json.dumps(snap, indent=2) + "\n", encoding="utf-8")
        golden = json.loads(golden_path.read_text(encoding="utf-8"))
        assert snap["task_id"] == golden["task_id"]
        tol = float(golden.get("tol_m", 2.0))
        assert abs(snap["start"][0] - golden["start"][0]) <= tol
>       assert abs(snap["start"][1] - golden["start"][1]) <= tol
E       assert 9.5 <= 2.0
E        +  where 9.5 = abs((6176026.5 - 6176036.0))

h1/h1_coverage/tests/test_p2_backlog.py:75: AssertionError
=========================== short test summary info ============================
FAILED h1/h1_coverage/tests/test_p2_backlog.py::test_q03_golden_s00_first_transect
1 failed, 181 passed in 136.01s (0:02:16)
